../lwow/lwow/src/lwow/lwow.c:62:1:prv_send_bit	40	static
../lwow/lwow/src/lwow/lwow.c:88:1:lwow_init	24	static
../lwow/lwow/src/lwow/lwow.c:115:1:lwow_deinit	16	static
../lwow/lwow/src/lwow/lwow.c:134:1:lwow_protect	16	static
../lwow/lwow/src/lwow/lwow.c:156:1:lwow_unprotect	16	static
../lwow/lwow/src/lwow/lwow.c:176:1:lwow_reset_raw	32	static
../lwow/lwow/src/lwow/lwow.c:205:1:lwow_reset	24	static
../lwow/lwow/src/lwow/lwow.c:224:1:lwow_write_byte_ex_raw	48	static
../lwow/lwow/src/lwow/lwow.c:269:1:lwow_write_byte_ex	32	static
../lwow/lwow/src/lwow/lwow.c:287:1:lwow_read_byte_ex_raw	16	static
../lwow/lwow/src/lwow/lwow.c:305:1:lwow_read_byte_ex	24	static
../lwow/lwow/src/lwow/lwow.c:324:1:lwow_read_bit_ex_raw	16	static
../lwow/lwow/src/lwow/lwow.c:336:1:lwow_read_bit_ex	24	static
../lwow/lwow/src/lwow/lwow.c:354:1:lwow_search_reset_raw	16	static
../lwow/lwow/src/lwow/lwow.c:366:1:lwow_search_reset	24	static
../lwow/lwow/src/lwow/lwow.c:385:1:lwow_search_raw	16	static
../lwow/lwow/src/lwow/lwow.c:395:1:lwow_search	24	static
../lwow/lwow/src/lwow/lwow.c:415:1:lwow_search_with_command_raw	40	static
../lwow/lwow/src/lwow/lwow.c:512:1:lwow_search_with_command	32	static
../lwow/lwow/src/lwow/lwow.c:531:1:lwow_match_rom_raw	24	static
../lwow/lwow/src/lwow/lwow.c:553:1:lwow_match_rom	24	static
../lwow/lwow/src/lwow/lwow.c:571:1:lwow_skip_rom_raw	16	static
../lwow/lwow/src/lwow/lwow.c:582:1:lwow_skip_rom	24	static
../lwow/lwow/src/lwow/lwow.c:601:1:lwow_crc	32	static
../lwow/lwow/src/lwow/lwow.c:637:1:lwow_search_with_command_callback	48	static
../lwow/lwow/src/lwow/lwow.c:676:1:lwow_search_with_callback	32	static
../lwow/lwow/src/lwow/lwow.c:690:1:lwow_search_devices_with_command_raw	32	static
../lwow/lwow/src/lwow/lwow.c:716:1:lwow_search_devices_with_command	40	static
../lwow/lwow/src/lwow/lwow.c:739:1:lwow_search_devices_raw	32	static
../lwow/lwow/src/lwow/lwow.c:753:1:lwow_search_devices	32	static
../lwow/lwow/src/lwow/lwow.c:777:1:lwow_write_byte_raw	24	static
../lwow/lwow/src/lwow/lwow.c:789:1:lwow_write_byte	24	static
../lwow/lwow/src/lwow/lwow.c:802:1:lwow_read_byte_raw	24	static
../lwow/lwow/src/lwow/lwow.c:814:1:lwow_read_byte	24	static
../lwow/lwow/src/lwow/lwow.c:827:1:lwow_read_bit_raw	24	static
../lwow/lwow/src/lwow/lwow.c:839:1:lwow_read_bit	24	static
