../Core/Src/ioManager.c:12:6:wait	24	static
../Core/Src/ioManager.c:18:6:toggleFans	16	static
../Core/Src/ioManager.c:24:6:clampedIncrement	24	static
../Core/Src/ioManager.c:30:6:clampedAssign	24	static
../Core/Src/ioManager.c:36:6:toggleMode	4	static
../Core/Src/ioManager.c:51:6:togglePower	4	static
../Core/Src/ioManager.c:65:6:handleButtons	8	static
../Core/Src/ioManager.c:86:6:changeTargetValues	16	static
../Core/Src/ioManager.c:100:6:handleEncoderTurn	16	static
../Core/Src/ioManager.c:126:6:handleOutput	32	static
../Core/Src/ioManager.c:154:6:HAL_GPIO_EXTI_Callback	16	static
